docker : 2026-02-24 
18:43:58,757 - shriramya - 
ERROR - WooCommerce error: 
401 - {"code":"woocommerce_re
st_authentication_error","mes
sage":"Invalid signature - 
provided signature does not m
atch.","data":{"status":401}}
At line:1 char:1
+ docker logs 
shriramya-backend-1 --tail 
100 2>&1 | Out-File 
-FilePath  ...
+ ~~~~~~~~~~~~~~~~~~~~~~~~~~~
~~~~~~~~~~~~~~~~~~~~
    + CategoryInfo           
   : NotSpecified: (2026-02  
  -24 18:4...{"status":401   
 }}:String) [], RemoteExc    
eption
    + FullyQualifiedErrorId  
   : NativeCommandError
 
INFO:     172.18.0.1:42486 - "OPTIONS /api/products?category=Home+%26+Lifestyle HTTP/1.1" 200 OK
2026-02-24 18:43:58,758 - 
shriramya - ERROR - 
WooCommerce request failed: 
products - 
RetryError[<Future at 
0x7587f6480850 
state=finished raised 
HTTPException>]
2026-02-24 18:43:58,758 - 
shriramya - INFO - Falling 
back to MongoDB for products
2026-02-24 18:43:59,141 - 
shriramya - ERROR - 
WooCommerce error: 401 - {"co
de":"woocommerce_rest_authent
ication_error","message":"Inv
alid signature - provided 
signature does not match.","d
ata":{"status":401}}
2026-02-24 18:44:01,409 - 
shriramya - ERROR - 
WooCommerce error: 401 - {"co
de":"woocommerce_rest_authent
ication_error","message":"Inv
alid signature - provided 
signature does not match.","d
ata":{"status":401}}
2026-02-24 18:44:03,759 - 
shriramya - ERROR - 
WooCommerce error: 401 - {"co
de":"woocommerce_rest_authent
ication_error","message":"Inv
alid signature - provided 
signature does not match.","d
ata":{"status":401}}
2026-02-24 18:44:03,760 - 
shriramya - ERROR - 
WooCommerce request failed: 
products - 
RetryError[<Future at 
0x7587fa510fd0 
state=finished raised 
HTTPException>]
2026-02-24 18:44:03,761 - 
shriramya - INFO - Falling 
back to MongoDB for products
2026-02-24 18:44:04,081 - 
shriramya - ERROR - 
WooCommerce error: 401 - {"co
de":"woocommerce_rest_authent
ication_error","message":"Inv
alid signature - provided 
signature does not match.","d
ata":{"status":401}}
2026-02-24 18:44:06,281 - 
shriramya - ERROR - 
WooCommerce error: 401 - {"co
de":"woocommerce_rest_authent
ication_error","message":"Inv
alid signature - provided 
signature does not match.","d
ata":{"status":401}}
2026-02-24 18:44:08,582 - 
shriramya - ERROR - 
WooCommerce error: 401 - {"co
de":"woocommerce_rest_authent
ication_error","message":"Inv
alid signature - provided 
signature does not match.","d
ata":{"status":401}}
2026-02-24 18:44:08,582 - 
shriramya - ERROR - 
WooCommerce request failed: 
products - 
RetryError[<Future at 
0x7587f647e150 
state=finished raised 
HTTPException>]
2026-02-24 18:44:08,583 - 
shriramya - INFO - Falling 
back to MongoDB for products
2026-02-24 18:44:08,748 - 
shriramya - ERROR - 
WooCommerce error: 401 - {"co
de":"woocommerce_rest_authent
ication_error","message":"Inv
alid signature - provided 
signature does not match.","d
ata":{"status":401}}
2026-02-24 18:44:10,873 - 
shriramya - ERROR - 
WooCommerce error: 401 - {"co
de":"woocommerce_rest_authent
ication_error","message":"Inv
alid signature - provided 
signature does not match.","d
ata":{"status":401}}
2026-02-24 18:44:13,033 - 
shriramya - ERROR - 
WooCommerce error: 401 - {"co
de":"woocommerce_rest_authent
ication_error","message":"Inv
alid signature - provided 
signature does not match.","d
ata":{"status":401}}
2026-02-24 18:44:13,033 - 
shriramya - ERROR - 
WooCommerce request failed: 
products - 
RetryError[<Future at 
0x7587f647fe10 
state=finished raised 
HTTPException>]
2026-02-24 18:44:13,033 - 
shriramya - INFO - Falling 
back to MongoDB for products
2026-02-24 18:44:13,144 - 
shriramya - ERROR - 
WooCommerce error: 401 - {"co
de":"woocommerce_rest_authent
ication_error","message":"Inv
alid signature - provided 
signature does not match.","d
ata":{"status":401}}
2026-02-24 18:44:15,281 - 
shriramya - ERROR - 
WooCommerce error: 401 - {"co
de":"woocommerce_rest_authent
ication_error","message":"Inv
alid signature - provided 
signature does not match.","d
ata":{"status":401}}
2026-02-24 18:44:17,551 - 
shriramya - ERROR - 
WooCommerce error: 401 - {"co
de":"woocommerce_rest_authent
ication_error","message":"Inv
alid signature - provided 
signature does not match.","d
ata":{"status":401}}
2026-02-24 18:44:17,551 - 
shriramya - ERROR - 
WooCommerce request failed: 
products - 
RetryError[<Future at 
0x7587f6466a50 
state=finished raised 
HTTPException>]
2026-02-24 18:44:17,551 - 
shriramya - INFO - Falling 
back to MongoDB for products
2026-02-24 18:44:17,744 - 
shriramya - ERROR - 
WooCommerce error: 401 - {"co
de":"woocommerce_rest_authent
ication_error","message":"Inv
alid signature - provided 
signature does not match.","d
ata":{"status":401}}
2026-02-24 18:44:19,906 - 
shriramya - ERROR - 
WooCommerce error: 401 - {"co
de":"woocommerce_rest_authent
ication_error","message":"Inv
alid signature - provided 
signature does not match.","d
ata":{"status":401}}
2026-02-24 18:44:22,042 - 
shriramya - ERROR - 
WooCommerce error: 401 - {"co
de":"woocommerce_rest_authent
ication_error","message":"Inv
alid signature - provided 
signature does not match.","d
ata":{"status":401}}
2026-02-24 18:44:22,042 - 
shriramya - ERROR - 
WooCommerce request failed: 
products - 
RetryError[<Future at 
0x7587f6466450 
state=finished raised 
HTTPException>]
2026-02-24 18:44:22,043 - 
shriramya - INFO - Falling 
back to MongoDB for products
INFO:     172.18.0.1:42502 - "OPTIONS /api/products?subcategory=Bedsheets HTTP/1.1" 200 OK
INFO:     172.18.0.1:42510 - "OPTIONS /api/products?subcategory=Pillow+Covers HTTP/1.1" 200 OK
INFO:     172.18.0.1:42486 - "OPTIONS /api/products?category=Women+Ethnic+Wear HTTP/1.1" 200 OK
2026-02-24 18:45:30,854 - 
shriramya.woocommerce - 
ERROR - WC GET products: 401 
{"code":"woocommerce_rest_aut
hentication_error","message":
"Invalid signature - 
provided signature does not m
atch.","data":{"status":401}}
INFO:     172.18.0.1:42484 - "GET /api/products?limit=100 HTTP/1.1" 200 OK
INFO:     172.18.0.1:60810 - "OPTIONS /api/cart?session_id=session_1771868732506_hkjbabm5s HTTP/1.1" 200 OK
INFO:     172.18.0.1:60824 - "OPTIONS /api/auth/me HTTP/1.1" 200 OK
INFO:     172.18.0.1:60810 - "GET /api/cart?session_id=session_1771868732506_hkjbabm5s HTTP/1.1" 200 OK
INFO:     172.18.0.1:60824 - "GET /api/auth/me HTTP/1.1" 200 OK
INFO:     172.18.0.1:60824 - "OPTIONS /api/auth/check-admin HTTP/1.1" 200 OK
INFO:     172.18.0.1:60810 - "GET /api/cart?session_id=session_1771868732506_hkjbabm5s HTTP/1.1" 200 OK
INFO:     172.18.0.1:60824 - "GET /api/auth/check-admin HTTP/1.1" 200 OK
INFO:     172.18.0.1:60824 - "OPTIONS /api/wc/products?per_page=50 HTTP/1.1" 200 OK
INFO:     172.18.0.1:60824 - "GET /api/wc/products?per_page=50 HTTP/1.1" 200 OK
INFO:     172.18.0.1:60824 - "GET /api/wc/categories HTTP/1.1" 200 OK
INFO:     172.18.0.1:60848 - "OPTIONS /api/products HTTP/1.1" 200 OK
INFO:     172.18.0.1:60856 - "GET /api/cart?session_id=session_1771868732506_hkjbabm5s HTTP/1.1" 200 OK
INFO:     172.18.0.1:60848 - "GET /api/products HTTP/1.1" 200 OK
INFO:     172.18.0.1:60868 - "GET /api/auth/me HTTP/1.1" 200 OK
INFO:     172.18.0.1:60868 - "GET /api/cart?session_id=session_1771868732506_hkjbabm5s HTTP/1.1" 200 OK
INFO:     172.18.0.1:57814 - "OPTIONS /api/orders HTTP/1.1" 200 OK
INFO:     172.18.0.1:57814 - "GET /api/orders HTTP/1.1" 404 Not Found
INFO:     172.18.0.1:51790 - "GET /api/cart?session_id=session_1771868732506_hkjbabm5s HTTP/1.1" 200 OK
INFO:     172.18.0.1:51794 - "GET /api/auth/me HTTP/1.1" 200 OK
INFO:     172.18.0.1:51794 - "GET /api/auth/check-admin HTTP/1.1" 200 OK
2026-02-24 18:45:30,985 - 
shriramya.woocommerce - 
ERROR - WC GET 
products/categories: 401 {"co
de":"woocommerce_rest_authent
ication_error","message":"Inv
alid signature - provided 
signature does not match.","d
ata":{"status":401}}
2026-02-24 18:48:46,564 - 
shriramya - ERROR - 
WooCommerce error: 401 - {"co
de":"woocommerce_rest_authent
ication_error","message":"Inv
alid signature - provided 
signature does not match.","d
ata":{"status":401}}
2026-02-24 18:48:48,697 - 
shriramya - ERROR - 
WooCommerce error: 401 - {"co
de":"woocommerce_rest_authent
ication_error","message":"Inv
alid signature - provided 
signature does not match.","d
ata":{"status":401}}
2026-02-24 18:48:50,856 - 
shriramya - ERROR - 
WooCommerce error: 401 - {"co
de":"woocommerce_rest_authent
ication_error","message":"Inv
alid signature - provided 
signature does not match.","d
ata":{"status":401}}
2026-02-24 18:48:50,856 - 
shriramya - ERROR - 
WooCommerce request failed: 
products - 
RetryError[<Future at 
0x7587f84da6d0 
state=finished raised 
HTTPException>]
2026-02-24 18:48:50,856 - 
shriramya - INFO - Falling 
back to MongoDB for products
INFO:     172.18.0.1:51790 - "GET /api/cart?session_id=session_1771868732506_hkjbabm5s HTTP/1.1" 200 OK
2026-02-24 18:50:14,087 - 
shriramya.woocommerce - 
ERROR - WC GET products: 401 
{"code":"woocommerce_rest_aut
hentication_error","message":
"Invalid signature - 
provided signature does not m
atch.","data":{"status":401}}
INFO:     172.18.0.1:51790 - "GET /api/wc/products?per_page=50 HTTP/1.1" 200 OK
INFO:     172.18.0.1:51790 - "OPTIONS /api/wc/categories HTTP/1.1" 200 OK
INFO:     172.18.0.1:51790 - "GET /api/wc/categories HTTP/1.1" 200 OK
INFO:     172.18.0.1:51790 - "GET /api/orders HTTP/1.1" 404 Not Found
INFO:     172.18.0.1:51790 - "GET /api/cart?session_id=session_1771868732506_hkjbabm5s HTTP/1.1" 200 OK
2026-02-24 18:50:14,222 - 
shriramya.woocommerce - 
ERROR - WC GET 
products/categories: 401 {"co
de":"woocommerce_rest_authent
ication_error","message":"Inv
alid signature - provided 
signature does not match.","d
ata":{"status":401}}
2026-02-24 18:50:20,371 - 
shriramya - ERROR - 
WooCommerce error: 401 - {"co
de":"woocommerce_rest_authent
ication_error","message":"Inv
alid signature - provided 
signature does not match.","d
ata":{"status":401}}
2026-02-24 18:50:22,663 - 
shriramya - ERROR - 
WooCommerce error: 401 - {"co
de":"woocommerce_rest_authent
ication_error","message":"Inv
alid signature - provided 
signature does not match.","d
ata":{"status":401}}
2026-02-24 18:50:24,793 - 
shriramya - ERROR - 
WooCommerce error: 401 - {"co
de":"woocommerce_rest_authent
ication_error","message":"Inv
alid signature - provided 
signature does not match.","d
ata":{"status":401}}
2026-02-24 18:50:24,793 - 
shriramya - ERROR - 
WooCommerce request failed: 
products - 
RetryError[<Future at 
0x7587f6476090 
state=finished raised 
HTTPException>]
2026-02-24 18:50:24,793 - 
shriramya - INFO - Falling 
back to MongoDB for products
2026-02-24 18:50:24,881 - 
shriramya - ERROR - 
WooCommerce error: 401 - {"co
de":"woocommerce_rest_authent
ication_error","message":"Inv
alid signature - provided 
signature does not match.","d
ata":{"status":401}}
2026-02-24 18:50:27,235 - 
shriramya - ERROR - 
WooCommerce error: 401 - {"co
de":"woocommerce_rest_authent
ication_error","message":"Inv
alid signature - provided 
signature does not match.","d
ata":{"status":401}}
2026-02-24 18:50:29,859 - 
shriramya - ERROR - 
WooCommerce error: 401 - {"co
de":"woocommerce_rest_authent
ication_error","message":"Inv
alid signature - provided 
signature does not match.","d
ata":{"status":401}}
2026-02-24 18:50:29,861 - 
shriramya - ERROR - 
WooCommerce request failed: 
products - 
RetryError[<Future at 
0x75880e115cd0 
state=finished raised 
HTTPException>]
2026-02-24 18:50:29,861 - 
shriramya - INFO - Falling 
back to MongoDB for products
2026-02-24 18:50:35,143 - 
shriramya - INFO - User 
logged in: 
admin-user@example.com 
(role: admin)
2026-02-24 18:50:55,971 - 
shriramya.woocommerce - 
ERROR - WC GET products: 401 
{"code":"woocommerce_rest_aut
hentication_error","message":
"Invalid signature - 
provided signature does not m
atch.","data":{"status":401}}
INFO:     172.18.0.1:51790 - "GET /api/products?featured=true&limit=4 HTTP/1.1" 200 OK
INFO:     172.18.0.1:51796 - "GET /api/products?trending=true&limit=4 HTTP/1.1" 200 OK
INFO:     172.18.0.1:33576 - "OPTIONS /api/auth/login HTTP/1.1" 200 OK
INFO:     172.18.0.1:33576 - "POST /api/auth/login HTTP/1.1" 200 OK
INFO:     172.18.0.1:33576 - "GET /api/cart?session_id=session_1771868732506_hkjbabm5s HTTP/1.1" 200 OK
INFO:     172.18.0.1:33578 - "GET /api/orders HTTP/1.1" 404 Not Found
INFO:     172.18.0.1:56546 - "GET /api/cart?session_id=session_1771868732506_hkjbabm5s HTTP/1.1" 200 OK
INFO:     172.18.0.1:56552 - "GET /api/auth/me HTTP/1.1" 200 OK
INFO:     172.18.0.1:56552 - "GET /api/auth/check-admin HTTP/1.1" 200 OK
INFO:     172.18.0.1:56546 - "GET /api/cart?session_id=session_1771868732506_hkjbabm5s HTTP/1.1" 200 OK
INFO:     172.18.0.1:56546 - "GET /api/wc/products?per_page=50 HTTP/1.1" 200 OK
2026-02-24 18:50:56,136 - 
shriramya.woocommerce - 
ERROR - WC GET 
products/categories: 401 {"co
de":"woocommerce_rest_authent
ication_error","message":"Inv
alid signature - provided 
signature does not match.","d
ata":{"status":401}}
INFO:     172.18.0.1:56546 - "GET /api/wc/categories HTTP/1.1" 200 OK
INFO:     172.18.0.1:57450 - "OPTIONS /api/wc/categories HTTP/1.1" 200 OK
2026-02-24 18:54:40,825 - 
shriramya.woocommerce - 
ERROR - WC POST 
products/categories: 401 {"co
de":"woocommerce_rest_authent
ication_error","message":"Inv
alid signature - provided 
signature does not match.","d
ata":{"status":401}}
2026-02-24 18:54:40,826 - 
shriramya - ERROR - HTTP 
500: Failed to create 
category
2026-02-24 18:54:54,076 - 
shriramya.woocommerce - 
ERROR - WC POST 
products/categories: 401 {"co
de":"woocommerce_rest_authent
ication_error","message":"Inv
alid signature - provided 
signature does not match.","d
ata":{"status":401}}
INFO:     172.18.0.1:57450 - "POST /api/wc/categories HTTP/1.1" 500 Internal Server Error
2026-02-24 18:54:54,076 - 
shriramya - ERROR - HTTP 
500: Failed to create 
category
INFO:     172.18.0.1:57466 - "POST /api/wc/categories HTTP/1.1" 500 Internal Server Error
