Email service SMTP not configured
(node:38900) [MONGOOSE] Warning: Duplicate schema index on {"slug":1} found. This is often due to declaring an index using both "index: true" and "schema.index()". Please remove the duplicate index definition.
(Use `node --trace-warnings ...` to show where the warning was created)
(node:38900) [MONGOOSE] Warning: Duplicate schema index on {"slug":1} found. This is often due to declaring an index using both "index: true" and "schema.index()". Please remove the duplicate index definition.
(node:38900) [MONGOOSE] Warning: Duplicate schema index on {"domain":1} found. This is often due to declaring an index using both "index: true" and "schema.index()". Please remove the duplicate index definition.
(node:38900) [DEP0169] DeprecationWarning: `url.parse()` behavior is not standardized and prone to errors that have security implications. Use the WHATWG URL API instead. CVEs are not issued for `url.parse()` vulnerabilities.
[Queue] Error in image-processing: 
[Queue] Error in email: 
[Queue] Error in analytics: 
[Queue] Error in notifications: 
[Queue] Error in stock-alerts: 
[Queue] Error in email: 
[Queue] Error in image-processing: 
[Queue] Error in analytics: 
[Queue] Error in notifications: 
[Queue] Error in stock-alerts: 
[Queue] Error in stock-alerts: 
[Queue] Error in notifications: 
[Queue] Error in analytics: 
[Queue] Error in image-processing: 
[Queue] Error in email: 
[Queue] Error in stock-alerts: 
[Queue] Error in notifications: 
[Queue] Error in analytics: 
[Queue] Error in email: 
[Queue] Error in image-processing: 
[Queue] Error in notifications: 
[Queue] Error in stock-alerts: 
[Queue] Error in stock-alerts: 
[Queue] Error in email: 
[Queue] Error in image-processing: 
[Queue] Error in analytics: 
[Queue] Error in image-processing: 
[Queue] Error in email: 
[Queue] Error in analytics: 
[Queue] Error in notifications: 
[Queue] Error in notifications: 
[Queue] Error in stock-alerts: 
[Queue] Error in stock-alerts: 
[Queue] Error in analytics: 
[Queue] Error in email: 
[Queue] Error in image-processing: 
[Queue] Error in notifications: 
[Queue] Error in analytics: 
[Queue] Error in email: 
[Queue] Error in image-processing: 
[Queue] Error in stock-alerts: 
[Queue] Error in stock-alerts: 
[Queue] Error in notifications: 
[Queue] Error in analytics: 
[Queue] Error in notifications: 
[Queue] Error in email: 
[Queue] Error in image-processing: 
[Queue] Error in analytics: 
[Queue] Error in image-processing: 
[Queue] Error in email: 
[Queue] Error in stock-alerts: 
[Queue] Error in notifications: 
[Queue] Error in stock-alerts: 
[Queue] Error in email: 
[Queue] Error in image-processing: 
[Queue] Error in notifications: 
[Queue] Error in analytics: 
[Queue] Error in email: 
[Queue] Error in image-processing: 
[Queue] Error in analytics: 
[Queue] Error in stock-alerts: 
[Queue] Error in stock-alerts: 
[Queue] Error in notifications: 
[Queue] Error in analytics: 
[Queue] Error in notifications: 
[Queue] Error in image-processing: 
[Queue] Error in email: 
[Queue] Error in analytics: 
[Queue] Error in image-processing: 
[Queue] Error in email: 
[Queue] Error in stock-alerts: 
[Queue] Error in stock-alerts: 
[Queue] Error in notifications: 
[Queue] Error in analytics: 
[Queue] Error in notifications: 
[Queue] Error in email: 
[Queue] Error in analytics: 
[Queue] Error in image-processing: 
[Queue] Error in email: 
[Queue] Error in image-processing: 
[Queue] Error in analytics: 
[Queue] Error in notifications: 
[Queue] Error in stock-alerts: 
[Queue] Error in stock-alerts: 
[Queue] Error in image-processing: 
[Queue] Error in email: 
[Queue] Error in image-processing: 
[Queue] Error in analytics: 
[Queue] Error in email: 
[Queue] Error in notifications: 
[Queue] Error in image-processing: 
[Queue] Error in email: 
[Queue] Error in image-processing: 
[Queue] Error in stock-alerts: 
[Queue] Error in notifications: 
[Queue] Error in stock-alerts: 
[Queue] Error in analytics: 
[Queue] Error in notifications: 
[Queue] Error in email: 
[Queue] Error in analytics: 
[Queue] Error in stock-alerts: 
[Queue] Error in image-processing: 
[Queue] Error in image-processing: 
[Queue] Error in email: 
[Queue] Error in email: 
[Queue] Error in analytics: 
[Queue] Error in notifications: 
[Queue] Error in analytics: 
[Queue] Error in stock-alerts: 
[Queue] Error in notifications: 
