[36mINFO [0m [2026-04-09T13:06:55.870Z]  Server initializing {
  "env": "development",
  "port": 8000,
  "environment": "development",
  "service": "shriramya-backend",
  "version": "2.0.0"
}
[36mINFO [0m [2026-04-09T13:06:56.245Z]  Swagger documentation enabled {
  "path": "/api/docs",
  "environment": "development",
  "service": "shriramya-backend",
  "version": "2.0.0"
}
MongoDB connected: mongodb://localhost:27017/shriramya
Products already seeded: 18 found
Users already seeded: 4 found
Blogs already seeded: 3 found
Kurti Material already seeded: 5 found
Database seeding complete!
Background job queues initialized
Server running on port 8000
Environment: development
